$E	(((n+n)*n)-n)/(n)$	1
$AT	(((n+n)*n)-n)/(n)$	5
$ABF	(((n+n)*n)-n)/(n)$	9
$AB)E(	(((n+n)*n)-n)/(n)$	match
$AB)E	((n+n)*n)-n)/(n)$	1
$AB)AT	((n+n)*n)-n)/(n)$	5
$AB)ABF	((n+n)*n)-n)/(n)$	9
$AB)AB)E(	((n+n)*n)-n)/(n)$	match
$AB)AB)E	(n+n)*n)-n)/(n)$	1
$AB)AB)AT	(n+n)*n)-n)/(n)$	5
$AB)AB)ABF	(n+n)*n)-n)/(n)$	9
$AB)AB)AB)E(	(n+n)*n)-n)/(n)$	match
$AB)AB)AB)E	n+n)*n)-n)/(n)$	1
$AB)AB)AB)AT	n+n)*n)-n)/(n)$	5
$AB)AB)AB)ABF	n+n)*n)-n)/(n)$	10
$AB)AB)AB)ABn	n+n)*n)-n)/(n)$	match
$AB)AB)AB)AB	+n)*n)-n)/(n)$	8
$AB)AB)AB)A	+n)*n)-n)/(n)$	2
$AB)AB)AB)AT+	+n)*n)-n)/(n)$	match
$AB)AB)AB)AT	n)*n)-n)/(n)$	5
$AB)AB)AB)ABF	n)*n)-n)/(n)$	10
$AB)AB)AB)ABn	n)*n)-n)/(n)$	match
$AB)AB)AB)AB	)*n)-n)/(n)$	8
$AB)AB)AB)A	)*n)-n)/(n)$	4
$AB)AB)AB)	)*n)-n)/(n)$	match
$AB)AB)AB	*n)-n)/(n)$	6
$AB)AB)ABF*	*n)-n)/(n)$	match
$AB)AB)ABF	n)-n)/(n)$	10
$AB)AB)ABn	n)-n)/(n)$	match
$AB)AB)AB	)-n)/(n)$	8
$AB)AB)A	)-n)/(n)$	4
$AB)AB)	)-n)/(n)$	match
$AB)AB	-n)/(n)$	8
$AB)A	-n)/(n)$	3
$AB)AT-	-n)/(n)$	match
$AB)AT	n)/(n)$	5
$AB)ABF	n)/(n)$	10
$AB)ABn	n)/(n)$	match
$AB)AB	)/(n)$	8
$AB)A	)/(n)$	4
$AB)	)/(n)$	match
$AB	/(n)$	7
$ABF/	/(n)$	match
$ABF	(n)$	9
$AB)E(	(n)$	match
$AB)E	n)$	1
$AB)AT	n)$	5
$AB)ABF	n)$	10
$AB)ABn	n)$	match
$AB)AB	)$	8
$AB)A	)$	4
$AB)	)$	match
$AB	$	8
$A	$	4
$	$	accept
