$E	n*(n+n)-n$	1
$AT	n*(n+n)-n$	5
$ABF	n*(n+n)-n$	10
$ABn	n*(n+n)-n$	match
$AB	*(n+n)-n$	6
$ABF*	*(n+n)-n$	match
$ABF	(n+n)-n$	9
$AB)E(	(n+n)-n$	match
$AB)E	n+n)-n$	1
$AB)AT	n+n)-n$	5
$AB)ABF	n+n)-n$	10
$AB)ABn	n+n)-n$	match
$AB)AB	+n)-n$	8
$AB)A	+n)-n$	2
$AB)AT+	+n)-n$	match
$AB)AT	n)-n$	5
$AB)ABF	n)-n$	10
$AB)ABn	n)-n$	match
$AB)AB	)-n$	8
$AB)A	)-n$	4
$AB)	)-n$	match
$AB	-n$	8
$A	-n$	3
$AT-	-n$	match
$AT	n$	5
$ABF	n$	10
$ABn	n$	match
$AB	$	8
$A	$	4
$	$	accept
