$E	(n+n)/(n-n)$	1
$AT	(n+n)/(n-n)$	5
$ABF	(n+n)/(n-n)$	9
$AB)E(	(n+n)/(n-n)$	match
$AB)E	n+n)/(n-n)$	1
$AB)AT	n+n)/(n-n)$	5
$AB)ABF	n+n)/(n-n)$	10
$AB)ABn	n+n)/(n-n)$	match
$AB)AB	+n)/(n-n)$	8
$AB)A	+n)/(n-n)$	2
$AB)AT+	+n)/(n-n)$	match
$AB)AT	n)/(n-n)$	5
$AB)ABF	n)/(n-n)$	10
$AB)ABn	n)/(n-n)$	match
$AB)AB	)/(n-n)$	8
$AB)A	)/(n-n)$	4
$AB)	)/(n-n)$	match
$AB	/(n-n)$	7
$ABF/	/(n-n)$	match
$ABF	(n-n)$	9
$AB)E(	(n-n)$	match
$AB)E	n-n)$	1
$AB)AT	n-n)$	5
$AB)ABF	n-n)$	10
$AB)ABn	n-n)$	match
$AB)AB	-n)$	8
$AB)A	-n)$	3
$AB)AT-	-n)$	match
$AB)AT	n)$	5
$AB)ABF	n)$	10
$AB)ABn	n)$	match
$AB)AB	)$	8
$AB)A	)$	4
$AB)	)$	match
$AB	$	8
$A	$	4
$	$	accept
